
There are no discarded input sections

Memory Configuration

Name             Origin             Length             Attributes
game_pack        0x080000c0         0x02000000         xr
*default*        0x00000000         0xffffffff

Linker script and memory map

LOAD /tmp/cclxzxqH.o
LOAD main.o

.text           0x080000c0      0x1b0
                0x080000c0                        _bootstrap = .
 *(.text)
 .text          0x080000c0       0x54 /tmp/cclxzxqH.o
 .text          0x08000114      0x15c main.o
                0x08000114                main
                0x08000128                dinit
                0x08000174                dclear
                0x080001e0                dpixel
OUTPUT(redscreen.elf elf32-littlearm)
LOAD linker stubs

.data           0x08000270        0x0
 .data          0x08000270        0x0 /tmp/cclxzxqH.o
 .data          0x08000270        0x0 main.o

.igot.plt       0x08000270        0x0
 .igot.plt      0x08000270        0x0 /tmp/cclxzxqH.o

.glue_7         0x08000270        0x0
 .glue_7        0x08000270        0x0 linker stubs

.glue_7t        0x08000270        0x0
 .glue_7t       0x08000270        0x0 linker stubs

.vfp11_veneer   0x08000270        0x0
 .vfp11_veneer  0x08000270        0x0 linker stubs

.v4_bx          0x08000270        0x0
 .v4_bx         0x08000270        0x0 linker stubs

.iplt           0x08000270        0x0
 .iplt          0x08000270        0x0 /tmp/cclxzxqH.o

.rel.dyn        0x08000270        0x0
 .rel.iplt      0x08000270        0x0 /tmp/cclxzxqH.o

.bss            0x08000270        0x0
 .bss           0x08000270        0x0 /tmp/cclxzxqH.o
 .bss           0x08000270        0x0 main.o

.ARM.attributes
                0x00000000       0x26
 .ARM.attributes
                0x00000000       0x1a /tmp/cclxzxqH.o
 .ARM.attributes
                0x0000001a       0x2a main.o

.comment        0x00000000       0x1e
 .comment       0x00000000       0x1e main.o
                                 0x1f (size before relaxing)
