
There are no discarded input sections

Memory Configuration

Name             Origin             Length             Attributes
game_pack        0x080000c0         0x02000000         xr
*default*        0x00000000         0xffffffff

Linker script and memory map

LOAD /tmp/ccPO9tdt.o
LOAD main.o

.text           0x080000c0      0x1cc
                0x080000c0                        _bootstrap = .
 *(.text)
 .text          0x080000c0       0x30 /tmp/ccPO9tdt.o
 .text          0x080000f0      0x19c main.o
                0x080000f0                main
                0x0800016c                dinit
                0x080001a0                dclear
                0x0800020c                dpixel
OUTPUT(redscreen.elf elf32-littlearm)
LOAD linker stubs

.data           0x0800028c        0x0
 .data          0x0800028c        0x0 /tmp/ccPO9tdt.o
 .data          0x0800028c        0x0 main.o

.igot.plt       0x0800028c        0x0
 .igot.plt      0x0800028c        0x0 /tmp/ccPO9tdt.o

.glue_7         0x0800028c        0x0
 .glue_7        0x0800028c        0x0 linker stubs

.glue_7t        0x0800028c        0x0
 .glue_7t       0x0800028c        0x0 linker stubs

.vfp11_veneer   0x0800028c        0x0
 .vfp11_veneer  0x0800028c        0x0 linker stubs

.v4_bx          0x0800028c        0x0
 .v4_bx         0x0800028c        0x0 linker stubs

.iplt           0x0800028c        0x0
 .iplt          0x0800028c        0x0 /tmp/ccPO9tdt.o

.rel.dyn        0x0800028c        0x0
 .rel.iplt      0x0800028c        0x0 /tmp/ccPO9tdt.o

.bss            0x0800028c        0x0
 .bss           0x0800028c        0x0 /tmp/ccPO9tdt.o
 .bss           0x0800028c        0x0 main.o

.ARM.attributes
                0x00000000       0x26
 .ARM.attributes
                0x00000000       0x1a /tmp/ccPO9tdt.o
 .ARM.attributes
                0x0000001a       0x2a main.o

.comment        0x00000000       0x1e
 .comment       0x00000000       0x1e main.o
                                 0x1f (size before relaxing)
